../Core/Inc/custom/fanke_lcd/lcd_spi_200.c:33:8:LCD_OnTE	8	static
../Core/Inc/custom/fanke_lcd/lcd_spi_200.c:44:6:LCD_SPI_TxCallback	16	static
../Core/Inc/custom/fanke_lcd/lcd_spi_200.c:56:11:LCD_GetBackGRAMAddr	16	static
../Core/Inc/custom/fanke_lcd/lcd_spi_200.c:68:6:LCD_ResetGram	24	static
../Core/Inc/custom/fanke_lcd/lcd_spi_200.c:75:6:LCD_Flush	4	static
../Core/Inc/custom/fanke_lcd/lcd_spi_200.c:88:7:LCD_WriteCommand	16	static
../Core/Inc/custom/fanke_lcd/lcd_spi_200.c:93:7:LCD_WriteData_8bit	16	static
../Core/Inc/custom/fanke_lcd/lcd_spi_200.c:99:7:LCD_WriteData_16bit	24	static
../Core/Inc/custom/fanke_lcd/lcd_spi_200.c:109:6:LCD_SetAddress	24	static
../Core/Inc/custom/fanke_lcd/lcd_spi_200.c:121:6:LCD_SetAddrGlobal	8	static
../Core/Inc/custom/fanke_lcd/lcd_spi_200.c:131:6:SPI_LCD_Init	8	static
