../Core/Inc/custom/fanke_lcd/lcd_spi_200.c:13:8:LCD_OnTE	8	static
../Core/Inc/custom/fanke_lcd/lcd_spi_200.c:24:6:LCD_SPI_TxCallback	16	static
../Core/Inc/custom/fanke_lcd/lcd_spi_200.c:36:11:LCD_GetBackGRAMAddr	4	static
../Core/Inc/custom/fanke_lcd/lcd_spi_200.c:41:6:LCD_ResetGram	24	static
../Core/Inc/custom/fanke_lcd/lcd_spi_200.c:48:6:LCD_Flush	16	static
../Core/Inc/custom/fanke_lcd/lcd_spi_200.c:57:7:LCD_WriteCommand	16	static
../Core/Inc/custom/fanke_lcd/lcd_spi_200.c:62:7:LCD_WriteData_8bit	16	static
../Core/Inc/custom/fanke_lcd/lcd_spi_200.c:68:7:LCD_WriteData_16bit	24	static
../Core/Inc/custom/fanke_lcd/lcd_spi_200.c:78:6:LCD_SetAddress	24	static
../Core/Inc/custom/fanke_lcd/lcd_spi_200.c:90:6:LCD_SetAddrGlobal	8	static
../Core/Inc/custom/fanke_lcd/lcd_spi_200.c:100:6:SPI_LCD_Init	8	static
