C:\ST\STM32CubeIDE_1.14.0\STM32CubeIDE\plugins\com.st.stm32cube.ide.mcu.externaltools.gnu-tools-for-stm32.11.3.rel1.win32_1.1.100.202309141235\tools\bin/../lib/gcc/arm-none-eabi/11.3.1/../../../../arm-none-eabi/include/c++/11.3.1/bits/std_abs.h:75:3:constexpr float std::abs(float)	16	static
C:\ST\STM32CubeIDE_1.14.0\STM32CubeIDE\plugins\com.st.stm32cube.ide.mcu.externaltools.gnu-tools-for-stm32.11.3.rel1.win32_1.1.100.202309141235\tools\bin/../lib/gcc/arm-none-eabi/11.3.1/../../../../arm-none-eabi/include/c++/11.3.1/cmath:425:3:constexpr float std::sin(float)	16	static
C:\ST\STM32CubeIDE_1.14.0\STM32CubeIDE\plugins\com.st.stm32cube.ide.mcu.externaltools.gnu-tools-for-stm32.11.3.rel1.win32_1.1.100.202309141235\tools\arm-none-eabi\include\c++\11.3.1\arm-none-eabi\thumb\v7e-m+dp\hard\bits\gthr-default.h:229:1:int __gthread_key_delete(__gthread_key_t)	16	static
../Core/Inc/flatbuffers/buffer.h:55:13:void flatbuffers::EndianCheck()	16	static
../Core/Inc/flatbuffers/table.h:29:18:const uint8_t* flatbuffers::Table::GetVTable() const	24	static
../Core/Inc/flatbuffers/table.h:35:13:flatbuffers::voffset_t flatbuffers::Table::GetOptionalFieldOffset(flatbuffers::voffset_t) const	24	static
../Core/Inc/tensorflow/lite/schema/schema_generated.h:16026:41:const flatbuffers::Vector<long int>* tflite::SubGraph::inputs() const	16	static
../Core/Inc/tensorflow/lite/schema/schema_generated.h:16507:12:uint32_t tflite::Model::version() const	16	static
../Core/Inc/tensorflow/lite/schema/schema_generated.h:16513:73:const flatbuffers::Vector<flatbuffers::Offset<tflite::SubGraph> >* tflite::Model::subgraphs() const	16	static
../Core/Inc/tensorflow/lite/schema/schema_generated.h:24793:29:const tflite::Model* tflite::GetModel(const void*)	16	static
../Core/Inc/tensorflow/lite/micro/micro_op_resolver.h:50:11:tflite::MicroOpResolver::~MicroOpResolver()	16	static
../Core/Inc/tensorflow/lite/micro/micro_op_resolver.h:50:11:virtual tflite::MicroOpResolver::~MicroOpResolver()	16	static
../Core/Inc/tensorflow/lite/micro/micro_profiler_interface.h:26:11:tflite::MicroProfilerInterface::~MicroProfilerInterface()	16	static
../Core/Inc/tensorflow/lite/micro/micro_profiler_interface.h:26:11:virtual tflite::MicroProfilerInterface::~MicroProfilerInterface()	16	static
../Core/Inc/tensorflow/lite/micro/micro_interpreter.h:84:10:size_t tflite::MicroInterpreter::inputs_size() const	16	static
../Core/Inc/tensorflow/lite/micro/micro_profiler.h:90:3:static void tflite::MicroProfiler::operator delete(void*)	16	static
../Core/Inc/tensorflow/lite/micro/recording_micro_interpreter.h:50:3:tflite::RecordingMicroInterpreter::RecordingMicroInterpreter(const tflite::Model*, const tflite::MicroOpResolver&, tflite::RecordingMicroAllocator*, tflite::MicroResourceVariables*, tflite::MicroProfilerInterface*)	32	static
../Core/Inc/tensorflow/lite/micro/recording_micro_interpreter.h:59:34:const tflite::RecordingMicroAllocator& tflite::RecordingMicroInterpreter::GetMicroAllocator() const	16	static
../Core/Inc/hello_world/hello_world_test.cc:33:14:TfLiteStatus {anonymous}::RegisterOps({anonymous}::HelloWorldOpResolver&)	48	static
../Core/Inc/tensorflow/lite/micro/micro_profiler_interface.h:24:7:constexpr tflite::MicroProfilerInterface::MicroProfilerInterface()	16	static
../Core/Inc/tensorflow/lite/micro/micro_profiler.h:30:3:tflite::MicroProfiler::MicroProfiler()	16	static
../Core/Inc/tensorflow/lite/micro/recording_micro_interpreter.h:36:7:tflite::RecordingMicroInterpreter::~RecordingMicroInterpreter()	16	static
../Core/Inc/hello_world/hello_world_test.cc:39:14:TfLiteStatus ProfileMemoryAndLatency()	85216	static
../Core/Inc/hello_world/hello_world_test.cc:73:5:int LoadFloatModelAndPerformInference()	3320	static
../Core/Inc/hello_world/hello_world_test.cc:117:30:void __tcf_0()	8	static
../Core/Inc/hello_world/hello_world_test.cc:124:29:void __tcf_1()	8	static
../Core/Inc/hello_world/hello_world_test.cc:113:5:int LoadFloatModel()	32	static
../Core/Inc/hello_world/hello_world_test.cc:133:9:float_t Invoke(float_t)	24	static
../Core/Inc/flatbuffers/base.h:425:24:T flatbuffers::EndianScalar(T) [with T = long unsigned int]	16	static
../Core/Inc/flatbuffers/base.h:436:3:T flatbuffers::ReadScalar(const void*) [with T = long int]	16	static
../Core/Inc/flatbuffers/base.h:436:3:T flatbuffers::ReadScalar(const void*) [with T = short unsigned int]	16	static
../Core/Inc/flatbuffers/base.h:436:3:T flatbuffers::ReadScalar(const void*) [with T = long unsigned int]	16	static
../Core/Inc/flatbuffers/table.h:58:5:P flatbuffers::Table::GetPointer(flatbuffers::voffset_t) const [with P = const flatbuffers::Vector<long int>*; OffsetSize = long unsigned int]	16	static
../Core/Inc/flatbuffers/table.h:45:26:T flatbuffers::Table::GetField(flatbuffers::voffset_t, T) const [with T = long unsigned int]	32	static
../Core/Inc/flatbuffers/table.h:58:5:P flatbuffers::Table::GetPointer(flatbuffers::voffset_t) const [with P = const flatbuffers::Vector<flatbuffers::Offset<tflite::SubGraph> >*; OffsetSize = long unsigned int]	16	static
../Core/Inc/flatbuffers/vector.h:164:9:SizeT flatbuffers::Vector<T, SizeT>::size() const [with T = long int; SizeT = long unsigned int]	16	static
../Core/Inc/flatbuffers/vector.h:164:9:SizeT flatbuffers::Vector<T, SizeT>::size() const [with T = flatbuffers::Offset<tflite::SubGraph>; SizeT = long unsigned int]	16	static
../Core/Inc/flatbuffers/vector.h:175:15:flatbuffers::Vector<T, SizeT>::return_type flatbuffers::Vector<T, SizeT>::Get(SizeT) const [with T = flatbuffers::Offset<tflite::SubGraph>; SizeT = long unsigned int]	16	static
../Core/Inc/flatbuffers/buffer.h:188:31:const T* flatbuffers::GetRoot(const void*) [with T = tflite::Model]	16	static
../Core/Inc/tensorflow/lite/micro/micro_mutable_op_resolver.h:323:16:TfLiteStatus tflite::MicroMutableOpResolver<tOpCount>::AddFullyConnected(const TFLMRegistration&) [with unsigned int tOpCount = 1]	16	static
../Core/Inc/tensorflow/lite/micro/micro_op_resolver.h:34:7:constexpr tflite::MicroOpResolver::MicroOpResolver()	16	static
../Core/Inc/tensorflow/lite/micro/micro_mutable_op_resolver.h:49:12:tflite::MicroMutableOpResolver<tOpCount>::MicroMutableOpResolver() [with unsigned int tOpCount = 1]	16	static
../Core/Inc/flatbuffers/base.h:425:24:T flatbuffers::EndianScalar(T) [with T = long int]	16	static
../Core/Inc/flatbuffers/base.h:425:24:T flatbuffers::EndianScalar(T) [with T = short unsigned int]	16	static
../Core/Inc/flatbuffers/table.h:51:5:P flatbuffers::Table::GetPointer(flatbuffers::voffset_t) [with P = const flatbuffers::Vector<long int>*; OffsetSize = long unsigned int]	24	static
../Core/Inc/flatbuffers/table.h:51:5:P flatbuffers::Table::GetPointer(flatbuffers::voffset_t) [with P = const flatbuffers::Vector<flatbuffers::Offset<tflite::SubGraph> >*; OffsetSize = long unsigned int]	24	static
../Core/Inc/flatbuffers/vector.h:253:18:const uint8_t* flatbuffers::Vector<T, SizeT>::Data() const [with T = flatbuffers::Offset<tflite::SubGraph>; SizeT = long unsigned int]	16	static
../Core/Inc/flatbuffers/buffer.h:115:22:static const T* flatbuffers::IndirectHelper<OffsetT<T> >::Read(const uint8_t*, flatbuffers::IndirectHelper<OffsetT<T> >::offset_type) [with T = tflite::SubGraph; OffsetT = flatbuffers::Offset]	24	static
../Core/Inc/flatbuffers/buffer.h:175:25:T* flatbuffers::GetMutableRoot(void*) [with T = tflite::Model]	16	static
../Core/Inc/tensorflow/lite/micro/micro_mutable_op_resolver.h:665:16:TfLiteStatus tflite::MicroMutableOpResolver<tOpCount>::AddBuiltin(tflite::BuiltinOperator, const TFLMRegistration&, tflite::TfLiteBridgeBuiltinParseFunction) [with unsigned int tOpCount = 1]	32	static
../Core/Inc/tensorflow/lite/micro/micro_mutable_op_resolver.h:51:27:const TFLMRegistration* tflite::MicroMutableOpResolver<tOpCount>::FindOp(tflite::BuiltinOperator) const [with unsigned int tOpCount = 1]	24	static
../Core/Inc/tensorflow/lite/micro/micro_mutable_op_resolver.h:45:7:tflite::MicroMutableOpResolver<1>::~MicroMutableOpResolver()	16	static
../Core/Inc/tensorflow/lite/micro/micro_mutable_op_resolver.h:45:7:virtual tflite::MicroMutableOpResolver<1>::~MicroMutableOpResolver()	16	static
../Core/Inc/tensorflow/lite/micro/micro_profiler.h:31:11:tflite::MicroProfiler::~MicroProfiler()	16	static
../Core/Inc/tensorflow/lite/micro/micro_profiler.h:31:11:virtual tflite::MicroProfiler::~MicroProfiler()	16	static
../Core/Inc/tensorflow/lite/micro/micro_mutable_op_resolver.h:63:27:const TFLMRegistration* tflite::MicroMutableOpResolver<tOpCount>::FindOp(const char*) const [with unsigned int tOpCount = 1]	24	static
../Core/Inc/tensorflow/lite/micro/micro_mutable_op_resolver.h:74:36:TfLiteStatus (* tflite::MicroMutableOpResolver<tOpCount>::GetOpDataParser(tflite::BuiltinOperator) const)(const tflite::Operator*, tflite::ErrorReporter*, tflite::BuiltinDataAllocator*, void**) [with unsigned int tOpCount = 1]	24	static
../Core/Inc/tensorflow/lite/micro/micro_mutable_op_resolver.h:47:3:static void tflite::MicroMutableOpResolver<tOpCount>::operator delete(void*) [with unsigned int tOpCount = 1]	16	static
