../Core/Inc/custom/inner_main.c:15:6:setLed	16	static
../Core/Inc/custom/inner_main.c:18:6:toggleLed	8	static
../Core/Inc/custom/inner_main.c:22:6:HAL_SPI_TxCpltCallback	16	static
../Core/Inc/custom/inner_main.c:30:6:HAL_GPIO_EXTI_Callback	16	static
../Core/Inc/custom/inner_main.c:58:6:HAL_DCMI_FrameEventCallback	16	static
../Core/Inc/custom/inner_main.c:72:6:renderSineWave	24	static
../Core/Inc/custom/inner_main.c:95:6:renderCamera	48	static
../Core/Inc/custom/inner_main.c:183:6:myMain	8	static
