C:\ST\STM32CubeIDE_1.14.0\STM32CubeIDE\plugins\com.st.stm32cube.ide.mcu.externaltools.gnu-tools-for-stm32.11.3.rel1.win32_1.1.100.202309141235\tools\bin/../lib/gcc/arm-none-eabi/11.3.1/../../../../arm-none-eabi/include/c++/11.3.1/limits:525:7:static constexpr signed char std::numeric_limits<signed char>::min()	4	static
C:\ST\STM32CubeIDE_1.14.0\STM32CubeIDE\plugins\com.st.stm32cube.ide.mcu.externaltools.gnu-tools-for-stm32.11.3.rel1.win32_1.1.100.202309141235\tools\bin/../lib/gcc/arm-none-eabi/11.3.1/../../../../arm-none-eabi/include/c++/11.3.1/limits:532:7:static constexpr signed char std::numeric_limits<signed char>::lowest()	8	static
C:\ST\STM32CubeIDE_1.14.0\STM32CubeIDE\plugins\com.st.stm32cube.ide.mcu.externaltools.gnu-tools-for-stm32.11.3.rel1.win32_1.1.100.202309141235\tools\bin/../lib/gcc/arm-none-eabi/11.3.1/../../../../arm-none-eabi/include/c++/11.3.1/limits:1068:7:static constexpr int std::numeric_limits<int>::max()	4	static
C:\ST\STM32CubeIDE_1.14.0\STM32CubeIDE\plugins\com.st.stm32cube.ide.mcu.externaltools.gnu-tools-for-stm32.11.3.rel1.win32_1.1.100.202309141235\tools\bin/../lib/gcc/arm-none-eabi/11.3.1/../../../../arm-none-eabi/include/c++/11.3.1/limits:1135:7:static constexpr unsigned int std::numeric_limits<unsigned int>::max()	4	static
C:\ST\STM32CubeIDE_1.14.0\STM32CubeIDE\plugins\com.st.stm32cube.ide.mcu.externaltools.gnu-tools-for-stm32.11.3.rel1.win32_1.1.100.202309141235\tools\bin/../lib/gcc/arm-none-eabi/11.3.1/../../../../arm-none-eabi/include/c++/11.3.1/limits:1347:7:static constexpr long long int std::numeric_limits<long long int>::max()	4	static
C:\ST\STM32CubeIDE_1.14.0\STM32CubeIDE\plugins\com.st.stm32cube.ide.mcu.externaltools.gnu-tools-for-stm32.11.3.rel1.win32_1.1.100.202309141235\tools\bin/../lib/gcc/arm-none-eabi/11.3.1/../../../../arm-none-eabi/include/c++/11.3.1/limits:1680:7:static constexpr float std::numeric_limits<float>::lowest()	4	static
../Core/Inc/tensorflow/lite/kernels/internal/runtime_shape.h:64:3:tflite::RuntimeShape::~RuntimeShape()	16	static
../Core/Inc/tensorflow/lite/kernels/internal/runtime_shape.h:66:11:int32_t tflite::RuntimeShape::DimensionsCount() const	16	static
../Core/Inc/tensorflow/lite/kernels/internal/runtime_shape.h:67:11:int32_t tflite::RuntimeShape::Dims(int) const	16	static
../Core/Inc/tensorflow/lite/kernels/internal/runtime_shape.h:72:8:void tflite::RuntimeShape::SetDim(int, int32_t)	24	static
../Core/Inc/tensorflow/lite/kernels/internal/runtime_shape.h:78:23:static tflite::RuntimeShape tflite::RuntimeShape::ExtendedShape(int, const tflite::RuntimeShape&)	24	static
../Core/Inc/tensorflow/lite/kernels/internal/runtime_shape.h:83:12:int32_t* tflite::RuntimeShape::DimsData()	16	static
../Core/Inc/tensorflow/lite/kernels/internal/runtime_shape.h:84:18:const int32_t* tflite::RuntimeShape::DimsData() const	16	static
../Core/Inc/tensorflow/lite/kernels/internal/runtime_shape.h:109:3:tflite::RuntimeShape::RuntimeShape(int, const tflite::RuntimeShape&, int)	40	static
../Core/Inc/tensorflow/lite/kernels/internal/runtime_shape.h:133:12:int tflite::Offset(const tflite::RuntimeShape&, int, int, int, int)	32	static
../Core/Inc/tensorflow/lite/kernels/internal/types.h:188:15:size_t tflite::ReducedOutputOffset(int, const int*, const int*, int, const int*)	40	static
C:\ST\STM32CubeIDE_1.14.0\STM32CubeIDE\plugins\com.st.stm32cube.ide.mcu.externaltools.gnu-tools-for-stm32.11.3.rel1.win32_1.1.100.202309141235\tools\arm-none-eabi\include\c++\11.3.1\bits\stl_algobase.h:230:5:constexpr const _Tp& std::min(const _Tp&, const _Tp&) [with _Tp = int]	16	static
../Core/Inc/ruy/profiler/instrumentation.h:195:3:ruy::profiler::ScopeLabel::~ScopeLabel()	16	static
../Core/Inc/tensorflow/lite/kernels/internal/reference/reduce.h:109:13:bool tflite::reference_ops::ResolveAxis(int, const int*, int64_t, int*, int*)	56	static
../Core/Inc/tensorflow/lite/kernels/internal/reference/reduce.h:271:13:void tflite::reference_ops::Mean(const tflite::MeanParams&, const tflite::RuntimeShape&, const float*, const tflite::RuntimeShape&, float*)	144	static
../Core/Inc/tensorflow/lite/kernels/kernel_util.h:171:16:int64_t tflite::NumElements(const int*, int)	64	static
../Core/Inc/tensorflow/lite/kernels/kernel_util.h:190:16:int64_t tflite::NumElements(const TfLiteIntArray*)	16	static
../Core/Inc/tensorflow/lite/kernels/kernel_util.h:194:16:int64_t tflite::NumElements(const TfLiteTensor*)	16	static
C:\ST\STM32CubeIDE_1.14.0\STM32CubeIDE\plugins\com.st.stm32cube.ide.mcu.externaltools.gnu-tools-for-stm32.11.3.rel1.win32_1.1.100.202309141235\tools\arm-none-eabi\include\c++\11.3.1\arm-none-eabi\thumb\v7e-m+dp\hard\bits\gthr-default.h:229:1:int __gthread_key_delete(__gthread_key_t)	16	static
../Core/Inc/tensorflow/lite/micro/micro_context.h:102:22:tflite::MicroContext* tflite::GetMicroContext(const TfLiteContext*)	16	static
../Core/Inc/tensorflow/lite/micro/kernels/reduce_common.cc:34:14:TfLiteStatus tflite::PrepareSimple(TfLiteContext*, TfLiteNode*, int32_t*, int*)	72	static
../Core/Inc/tensorflow/lite/micro/kernels/reduce_common.cc:67:14:TfLiteStatus tflite::PrepareMaxHelper(TfLiteContext*, TfLiteNode*, tflite::OpDataReduce*)	56	static
../Core/Inc/tensorflow/lite/micro/kernels/reduce_common.cc:95:14:TfLiteStatus tflite::PrepareMeanOrSumHelper(TfLiteContext*, TfLiteNode*, tflite::OpDataReduce*)	56	static
../Core/Inc/tensorflow/lite/micro/kernels/reduce_common.cc:129:6:void tflite::ResolveAxis(const int*, int, tflite::MeanParams*)	32	static
../Core/Inc/tensorflow/lite/micro/kernels/reduce_common.cc:178:14:TfLiteStatus tflite::EvalMeanHelper(TfLiteContext*, TfLiteNode*, tflite::OpDataReduce*)	208	static
../Core/Inc/tensorflow/lite/micro/kernels/reduce_common.cc:256:7:tflite::EvalMaxHelper(TfLiteContext*, TfLiteNode*, tflite::OpDataReduce*)::<lambda(float, float)>	24	static
../Core/Inc/tensorflow/lite/micro/kernels/reduce_common.cc:256:7:static float tflite::EvalMaxHelper(TfLiteContext*, TfLiteNode*, tflite::OpDataReduce*)::<lambda(float, float)>::_FUN(float, float)	16	static
../Core/Inc/tensorflow/lite/micro/kernels/reduce_common.cc:256:7:tflite::EvalMaxHelper(TfLiteContext*, TfLiteNode*, tflite::OpDataReduce*)::<lambda(float, float)>::operator float (*)(float, float)() const	16	static
../Core/Inc/tensorflow/lite/micro/kernels/reduce_common.cc:273:7:tflite::EvalMaxHelper(TfLiteContext*, TfLiteNode*, tflite::OpDataReduce*)::<lambda(int8_t, int8_t)>	16	static
../Core/Inc/tensorflow/lite/micro/kernels/reduce_common.cc:273:7:static int8_t tflite::EvalMaxHelper(TfLiteContext*, TfLiteNode*, tflite::OpDataReduce*)::<lambda(int8_t, int8_t)>::_FUN(int8_t, int8_t)	16	static
../Core/Inc/tensorflow/lite/micro/kernels/reduce_common.cc:273:7:tflite::EvalMaxHelper(TfLiteContext*, TfLiteNode*, tflite::OpDataReduce*)::<lambda(int8_t, int8_t)>::operator int8_t (*)(int8_t, int8_t)() const	16	static
../Core/Inc/tensorflow/lite/micro/kernels/reduce_common.cc:239:14:TfLiteStatus tflite::EvalMaxHelper(TfLiteContext*, TfLiteNode*, tflite::OpDataReduce*)	168	static
../Core/Inc/tensorflow/lite/micro/kernels/reduce_common.cc:309:7:tflite::EvalSumHelper(TfLiteContext*, TfLiteNode*, tflite::OpDataReduce*)::<lambda(float, float)>	24	static
../Core/Inc/tensorflow/lite/micro/kernels/reduce_common.cc:309:7:static float tflite::EvalSumHelper(TfLiteContext*, TfLiteNode*, tflite::OpDataReduce*)::<lambda(float, float)>::_FUN(float, float)	16	static
../Core/Inc/tensorflow/lite/micro/kernels/reduce_common.cc:309:7:tflite::EvalSumHelper(TfLiteContext*, TfLiteNode*, tflite::OpDataReduce*)::<lambda(float, float)>::operator float (*)(float, float)() const	16	static
../Core/Inc/tensorflow/lite/micro/kernels/reduce_common.cc:293:14:TfLiteStatus tflite::EvalSumHelper(TfLiteContext*, TfLiteNode*, tflite::OpDataReduce*)	168	static
C:\ST\STM32CubeIDE_1.14.0\STM32CubeIDE\plugins\com.st.stm32cube.ide.mcu.externaltools.gnu-tools-for-stm32.11.3.rel1.win32_1.1.100.202309141235\tools\arm-none-eabi\include\c++\11.3.1\bits\stl_algobase.h:230:5:constexpr const _Tp& std::min(const _Tp&, const _Tp&) [with _Tp = long int]	16	static
C:\ST\STM32CubeIDE_1.14.0\STM32CubeIDE\plugins\com.st.stm32cube.ide.mcu.externaltools.gnu-tools-for-stm32.11.3.rel1.win32_1.1.100.202309141235\tools\arm-none-eabi\include\c++\11.3.1\bits\stl_algobase.h:254:5:constexpr const _Tp& std::max(const _Tp&, const _Tp&) [with _Tp = long int]	16	static
../Core/Inc/ruy/profiler/instrumentation.h:191:12:) [with Args = {const char*}]	16	static
../Core/Inc/tensorflow/lite/micro/kernels/kernel_util.h:76:10:const T* tflite::micro::GetTensorData(const TfLiteEvalTensor*) [with T = int]	16	static
../Core/Inc/tensorflow/lite/micro/kernels/kernel_util.h:76:10:const T* tflite::micro::GetTensorData(const TfLiteEvalTensor*) [with T = float]	16	static
../Core/Inc/tensorflow/lite/micro/kernels/kernel_util.h:69:4:T* tflite::micro::GetTensorData(TfLiteEvalTensor*) [with T = float]	16	static
../Core/Inc/tensorflow/lite/kernels/internal/reference/reduce.h:217:13:bool tflite::reference_ops::Mean(const T*, const int*, int, T*, const int*, int, const int*, int, bool, int*, int*, U*) [with T = float; U = float]	96	static
../Core/Inc/tensorflow/lite/micro/kernels/reduce_common.cc:166:14:TfLiteStatus tflite::EvalIntegerMean(TfLiteContext*, TfLiteNode*, int, tflite::OpDataReduce*, int*, int*) [with integer_type = signed char]	48	static
../Core/Inc/tensorflow/lite/micro/kernels/reduce_common.cc:166:14:TfLiteStatus tflite::EvalIntegerMean(TfLiteContext*, TfLiteNode*, int, tflite::OpDataReduce*, int*, int*) [with integer_type = short int]	48	static
../Core/Inc/tensorflow/lite/kernels/internal/reference/reduce.h:180:13:bool tflite::reference_ops::ReduceGeneric(const T*, const int*, int, T*, const int*, int, const int*, int64_t, bool, int*, int*, T, T (*)(T, T)) [with T = float]	64	static
../Core/Inc/tensorflow/lite/micro/kernels/kernel_util.h:76:10:const T* tflite::micro::GetTensorData(const TfLiteEvalTensor*) [with T = signed char]	16	static
../Core/Inc/tensorflow/lite/micro/kernels/kernel_util.h:69:4:T* tflite::micro::GetTensorData(TfLiteEvalTensor*) [with T = signed char]	16	static
../Core/Inc/tensorflow/lite/kernels/internal/reference/reduce.h:180:13:bool tflite::reference_ops::ReduceGeneric(const T*, const int*, int, T*, const int*, int, const int*, int64_t, bool, int*, int*, T, T (*)(T, T)) [with T = signed char]	56	static
../Core/Inc/tensorflow/lite/micro/kernels/reduce_common.cc:142:14:TfLiteStatus tflite::QuantizedMeanOrSum(TfLiteContext*, TfLiteNode*, int*, int*, int32_t*, tflite::OpDataReduce*, bool) [with T = signed char]	160	static
../Core/Inc/tensorflow/lite/micro/kernels/reduce_common.cc:142:14:TfLiteStatus tflite::QuantizedMeanOrSum(TfLiteContext*, TfLiteNode*, int*, int*, int32_t*, tflite::OpDataReduce*, bool) [with T = short int]	160	static
../Core/Inc/tensorflow/lite/kernels/internal/reference/reduce.h:149:18:tflite::reference_ops::ReduceSumImpl<float, float>(const float*, const int*, const int*, int, int, const int*, int, int*, float*)::<lambda(float, float)>	32	static
../Core/Inc/tensorflow/lite/kernels/internal/reference/reduce.h:149:18:static float tflite::reference_ops::ReduceSumImpl<float, float>(const float*, const int*, const int*, int, int, const int*, int, int*, float*)::<lambda(float, float)>::_FUN(float, float)	16	static
../Core/Inc/tensorflow/lite/kernels/internal/reference/reduce.h:149:18:tflite::reference_ops::ReduceSumImpl<float, float>(const float*, const int*, const int*, int, int, const int*, int, int*, float*)::<lambda(float, float)>::operator float (*)(float, float)() const	16	static
../Core/Inc/tensorflow/lite/kernels/internal/reference/reduce.h:144:13:bool tflite::reference_ops::ReduceSumImpl(const In*, const int*, const int*, int, int, const int*, int, int*, Out*) [with In = float; Out = float]	56	static
../Core/Inc/tensorflow/lite/kernels/internal/reference/reduce.h:159:13:bool tflite::reference_ops::InitTensorDataForReduce(const int*, int, T, T*) [with T = float]	40	static
../Core/Inc/tensorflow/lite/kernels/internal/reference/reduce.h:55:13:bool tflite::reference_ops::Reduce(const In*, const int*, const int*, int, int, const int*, int, int*, Out (*)(Out, In), Out*) [with In = float; Out = float]	56	static
../Core/Inc/tensorflow/lite/kernels/internal/reference/reduce.h:159:13:bool tflite::reference_ops::InitTensorDataForReduce(const int*, int, T, T*) [with T = signed char]	40	static
../Core/Inc/tensorflow/lite/kernels/internal/reference/reduce.h:55:13:bool tflite::reference_ops::Reduce(const In*, const int*, const int*, int, int, const int*, int, int*, Out (*)(Out, In), Out*) [with In = signed char; Out = signed char]	56	static
../Core/Inc/tensorflow/lite/kernels/internal/reference/reduce.h:421:13:bool tflite::reference_ops::QuantizedMeanOrSumExtraArgs(const T*, int32_t, float, const int*, int, T*, float, int32_t, int, int32_t, const int*, int, const int*, int, bool, int*, int*, U*, bool) [with T = signed char; U = long int]	88	static
../Core/Inc/tensorflow/lite/micro/kernels/kernel_util.h:76:10:const T* tflite::micro::GetTensorData(const TfLiteEvalTensor*) [with T = short int]	16	static
../Core/Inc/tensorflow/lite/micro/kernels/kernel_util.h:69:4:T* tflite::micro::GetTensorData(TfLiteEvalTensor*) [with T = short int]	16	static
../Core/Inc/tensorflow/lite/kernels/internal/reference/reduce.h:421:13:bool tflite::reference_ops::QuantizedMeanOrSumExtraArgs(const T*, int32_t, float, const int*, int, T*, float, int32_t, int, int32_t, const int*, int, const int*, int, bool, int*, int*, U*, bool) [with T = short int; U = long int]	88	static
../Core/Inc/tensorflow/lite/kernels/internal/types.h:161:13:bool tflite::NextIndex(int, const int*, IndexType*) [with IndexType = int]	40	static
../Core/Inc/tensorflow/lite/kernels/internal/reference/reduce.h:319:13:bool tflite::reference_ops::QuantizedMeanOrSum(const T*, int32_t, const int*, int, T*, int32_t, int, int32_t, const int*, int, const int*, int, bool, int*, int*, U*, bool) [with T = signed char; U = long int]	176	static
../Core/Inc/tensorflow/lite/kernels/internal/reference/reduce.h:319:13:bool tflite::reference_ops::QuantizedMeanOrSum(const T*, int32_t, const int*, int, T*, int32_t, int, int32_t, const int*, int, const int*, int, bool, int*, int*, U*, bool) [with T = short int; U = long int]	176	static
../Core/Inc/tensorflow/lite/kernels/internal/reference/reduce.h:149:18:tflite::reference_ops::ReduceSumImpl<signed char, long int>(const signed char*, const int*, const int*, int, int, const int*, int, int*, long int*)::<lambda(long int, signed char)>	32	static
../Core/Inc/tensorflow/lite/kernels/internal/reference/reduce.h:149:18:static long int tflite::reference_ops::ReduceSumImpl<signed char, long int>(const signed char*, const int*, const int*, int, int, const int*, int, int*, long int*)::<lambda(long int, signed char)>::_FUN(long int, signed char)	16	static
../Core/Inc/tensorflow/lite/kernels/internal/reference/reduce.h:149:18:tflite::reference_ops::ReduceSumImpl<signed char, long int>(const signed char*, const int*, const int*, int, int, const int*, int, int*, long int*)::<lambda(long int, signed char)>::operator long int (*)(long int, signed char)() const	16	static
../Core/Inc/tensorflow/lite/kernels/internal/reference/reduce.h:144:13:bool tflite::reference_ops::ReduceSumImpl(const In*, const int*, const int*, int, int, const int*, int, int*, Out*) [with In = signed char; Out = long int]	56	static
../Core/Inc/tensorflow/lite/kernels/internal/common.h:367:5:int tflite::CountLeadingZeros(T) [with T = long long unsigned int]	16	static
../Core/Inc/tensorflow/lite/kernels/internal/reference/reduce.h:149:18:tflite::reference_ops::ReduceSumImpl<short int, long int>(const short int*, const int*, const int*, int, int, const int*, int, int*, long int*)::<lambda(long int, short int)>	32	static
../Core/Inc/tensorflow/lite/kernels/internal/reference/reduce.h:149:18:static long int tflite::reference_ops::ReduceSumImpl<short int, long int>(const short int*, const int*, const int*, int, int, const int*, int, int*, long int*)::<lambda(long int, short int)>::_FUN(long int, short int)	16	static
../Core/Inc/tensorflow/lite/kernels/internal/reference/reduce.h:149:18:tflite::reference_ops::ReduceSumImpl<short int, long int>(const short int*, const int*, const int*, int, int, const int*, int, int*, long int*)::<lambda(long int, short int)>::operator long int (*)(long int, short int)() const	16	static
../Core/Inc/tensorflow/lite/kernels/internal/reference/reduce.h:144:13:bool tflite::reference_ops::ReduceSumImpl(const In*, const int*, const int*, int, int, const int*, int, int*, Out*) [with In = short int; Out = long int]	56	static
../Core/Inc/tensorflow/lite/kernels/internal/reference/reduce.h:55:13:bool tflite::reference_ops::Reduce(const In*, const int*, const int*, int, int, const int*, int, int*, Out (*)(Out, In), Out*) [with In = signed char; Out = long int]	56	static
../Core/Inc/tensorflow/lite/kernels/internal/reference/reduce.h:55:13:bool tflite::reference_ops::Reduce(const In*, const int*, const int*, int, int, const int*, int, int*, Out (*)(Out, In), Out*) [with In = short int; Out = long int]	56	static
