C:\ST\STM32CubeIDE_1.14.0\STM32CubeIDE\plugins\com.st.stm32cube.ide.mcu.externaltools.gnu-tools-for-stm32.11.3.rel1.win32_1.1.100.202309141235\tools\arm-none-eabi\include\c++\11.3.1\arm-none-eabi\thumb\v7e-m+dp\hard\bits\gthr-default.h:229:1:int __gthread_key_delete(__gthread_key_t)	16	static
../Core/Inc/flatbuffers/string.h:26:15:const char* flatbuffers::String::c_str() const	16	static
../Core/Inc/flatbuffers/table.h:29:18:const uint8_t* flatbuffers::Table::GetVTable() const	24	static
../Core/Inc/flatbuffers/table.h:35:13:flatbuffers::voffset_t flatbuffers::Table::GetOptionalFieldOffset(flatbuffers::voffset_t) const	24	static
../Core/Inc/tensorflow/lite/schema/schema_generated.h:1426:28:const char* const* tflite::EnumNamesBuiltinOperator()	4	static
../Core/Inc/tensorflow/lite/schema/schema_generated.h:1640:20:const char* tflite::EnumNameBuiltinOperator(tflite::BuiltinOperator)	32	static
../Core/Inc/tensorflow/lite/schema/schema_generated.h:14546:32:const flatbuffers::String* tflite::OperatorCode::custom_code() const	16	static
../Core/Inc/tensorflow/lite/micro/micro_op_resolver.cc:24:14:TfLiteStatus tflite::GetRegistrationFromOpCode(const tflite::OperatorCode*, const tflite::MicroOpResolver&, const TFLMRegistration**)	40	static
../Core/Inc/flatbuffers/base.h:425:24:T flatbuffers::EndianScalar(T) [with T = long unsigned int]	16	static
../Core/Inc/flatbuffers/base.h:436:3:T flatbuffers::ReadScalar(const void*) [with T = long int]	16	static
../Core/Inc/flatbuffers/base.h:436:3:T flatbuffers::ReadScalar(const void*) [with T = short unsigned int]	16	static
../Core/Inc/flatbuffers/vector.h:253:18:const uint8_t* flatbuffers::Vector<T, SizeT>::Data() const [with T = char; SizeT = long unsigned int]	16	static
../Core/Inc/flatbuffers/base.h:436:3:T flatbuffers::ReadScalar(const void*) [with T = long unsigned int]	16	static
../Core/Inc/flatbuffers/base.h:494:13:bool flatbuffers::IsOutRange(const T&, const T&, const T&) [with T = tflite::BuiltinOperator]	24	static
../Core/Inc/flatbuffers/table.h:58:5:P flatbuffers::Table::GetPointer(flatbuffers::voffset_t) const [with P = const flatbuffers::String*; OffsetSize = long unsigned int]	16	static
../Core/Inc/flatbuffers/base.h:425:24:T flatbuffers::EndianScalar(T) [with T = long int]	16	static
../Core/Inc/flatbuffers/base.h:425:24:T flatbuffers::EndianScalar(T) [with T = short unsigned int]	16	static
../Core/Inc/flatbuffers/table.h:51:5:P flatbuffers::Table::GetPointer(flatbuffers::voffset_t) [with P = const flatbuffers::String*; OffsetSize = long unsigned int]	24	static
