../Core/Inc/tensorflow/lite/core/c/common.cc:109:8:size_t TfLiteIntArrayGetSizeInBytes(int)	16	static
../Core/Inc/tensorflow/lite/core/c/common.cc:113:5:int TfLiteIntArrayEqual(const TfLiteIntArray*, const TfLiteIntArray*)	16	static
../Core/Inc/tensorflow/lite/core/c/common.cc:117:5:int TfLiteIntArrayEqualsArray(const TfLiteIntArray*, int, const int*)	24	static
../Core/Inc/tensorflow/lite/core/c/common.cc:136:5:int TfLiteFloatArrayGetSizeInBytes(int)	16	static
../Core/Inc/tensorflow/lite/core/c/common.cc:341:13:const char* TfLiteTypeGetName(TfLiteType)	16	static
../Core/Inc/tensorflow/lite/core/c/common.cc:387:16:TfLiteDelegate TfLiteDelegateCreate()	16	static
../Core/Inc/tensorflow/lite/core/c/common.cc:390:26:TfLiteAllocationStrategy TfLiteTensorGetAllocationStrategy(const TfLiteTensor*)	16	static
../Core/Inc/tensorflow/lite/core/c/common.cc:414:20:TfLiteRunStability TfLiteTensorGetBufferAddressStability(const TfLiteTensor*)	16	static
../Core/Inc/tensorflow/lite/core/c/common.cc:438:20:TfLiteRunStability TfLiteTensorGetDataStability(const TfLiteTensor*)	16	static
../Core/Inc/tensorflow/lite/core/c/common.cc:464:15:TfLiteRunStep TfLiteTensorGetDataKnownStep(const TfLiteTensor*)	16	static
../Core/Inc/tensorflow/lite/core/c/common.cc:491:15:TfLiteRunStep TfLiteTensorGetShapeKnownStep(const TfLiteTensor*)	16	static
../Core/Inc/tensorflow/lite/core/c/common.cc:34:8:size_t {anonymous}::TfLiteVarArrayGetSizeInBytes(int) [with T = TfLiteIntArray]	24	static
../Core/Inc/tensorflow/lite/core/c/common.cc:59:5:int {anonymous}::TfLiteVarArrayEqual(const T*, const T*) [with T = TfLiteIntArray]	16	static
../Core/Inc/tensorflow/lite/core/c/common.cc:45:5:int {anonymous}::TfLiteVarArrayEqualsArray(const T*, int, const U*) [with T = TfLiteIntArray; U = int]	24	static
../Core/Inc/tensorflow/lite/core/c/common.cc:34:8:size_t {anonymous}::TfLiteVarArrayGetSizeInBytes(int) [with T = TfLiteFloatArray]	24	static
